<?xml version="1.0" encoding="UTF-8"?>
<TestRun id="4a0144ca-df7f-4bfe-a22f-29a2f78b8550" name="AaronAndJulie@AJMACHINE 2012-05-25 14:02:20" runUser="AJMachine\AaronAndJulie" xmlns="http://microsoft.com/schemas/VisualStudio/TeamTest/2010">
  <TestSettings name="Local Test Run" id="3c20a1c4-885b-410f-a1e8-d8afd010b8bd">
    <Description>This is a default test run configuration for a local test run.</Description>
    <Deployment runDeploymentRoot="AaronAndJulie_AJMACHINE 2012-05-25 14_02_20">
      <DeploymentItem filename="C:\Users\AaronAndJulie\Documents\GitHub\December\DecemberData\bin\Debug\DecemberData.dll" />
    </Deployment>
    <Execution>
      <TestTypeSpecific />
      <AgentRule name="Execution Agents">
      </AgentRule>
    </Execution>
  </TestSettings>
  <Times creation="2012-05-25T14:02:20.4427290-04:00" queuing="2012-05-25T14:02:21.5657932-04:00" start="2012-05-25T14:02:21.6817999-04:00" finish="2012-05-25T14:02:22.4508438-04:00" />
  <ResultSummary outcome="Failed">
    <Counters total="6" executed="6" passed="3" error="0" failed="3" timeout="0" aborted="0" inconclusive="0" passedButRunAborted="0" notRunnable="0" notExecuted="0" disconnected="0" warning="0" completed="0" inProgress="0" pending="0" />
  </ResultSummary>
  <TestDefinitions>
    <UnitTest name="GetRandomQuoteTest" storage="c:\users\aaronandjulie\documents\github\december\decemberdata.tests\bin\debug\decemberdata.tests.dll" id="7436a684-ec57-23a0-c74b-9be5d7837c30">
      <Execution id="5959aa6f-c8a0-4db6-be2b-de8ba329bc17" />
      <TestMethod codeBase="C:/Users/AaronAndJulie/Documents/GitHub/December/DecemberData.Tests/bin/Debug/DecemberData.Tests.DLL" adapterTypeName="Microsoft.VisualStudio.TestTools.TestTypes.Unit.UnitTestAdapter, Microsoft.VisualStudio.QualityTools.Tips.UnitTest.Adapter, Version=10.0.0.0, Culture=neutral, PublicKeyToken=b03f5f7f11d50a3a" className="DecemberData.Tests.QuoteListTest, DecemberData.Tests, Version=1.0.0.0, Culture=neutral, PublicKeyToken=null" name="GetRandomQuoteTest" />
    </UnitTest>
    <UnitTest name="CategoriesTest" storage="c:\users\aaronandjulie\documents\github\december\decemberdata.tests\bin\debug\decemberdata.tests.dll" id="923cdc78-3345-b2e4-0678-09ae00f96b80">
      <Execution id="c7ff98e4-0bed-49ed-ac57-2dbed36ff42c" />
      <TestMethod codeBase="C:/Users/AaronAndJulie/Documents/GitHub/December/DecemberData.Tests/bin/Debug/DecemberData.Tests.DLL" adapterTypeName="Microsoft.VisualStudio.TestTools.TestTypes.Unit.UnitTestAdapter, Microsoft.VisualStudio.QualityTools.Tips.UnitTest.Adapter, Version=10.0.0.0, Culture=neutral, PublicKeyToken=b03f5f7f11d50a3a" className="DecemberData.Tests.QuoteListTest, DecemberData.Tests, Version=1.0.0.0, Culture=neutral, PublicKeyToken=null" name="CategoriesTest" />
    </UnitTest>
    <UnitTest name="AddQuoteTest" storage="c:\users\aaronandjulie\documents\github\december\decemberdata.tests\bin\debug\decemberdata.tests.dll" id="3153e146-fc75-3fa9-eb35-dff04ef13623">
      <Execution id="c4a25321-7129-4d61-ac6b-bf09513bb2c8" />
      <TestMethod codeBase="C:/Users/AaronAndJulie/Documents/GitHub/December/DecemberData.Tests/bin/Debug/DecemberData.Tests.DLL" adapterTypeName="Microsoft.VisualStudio.TestTools.TestTypes.Unit.UnitTestAdapter, Microsoft.VisualStudio.QualityTools.Tips.UnitTest.Adapter, Version=10.0.0.0, Culture=neutral, PublicKeyToken=b03f5f7f11d50a3a" className="DecemberData.Tests.QuoteListTest, DecemberData.Tests, Version=1.0.0.0, Culture=neutral, PublicKeyToken=null" name="AddQuoteTest" />
    </UnitTest>
    <UnitTest name="GetQuotesByCategoryTest" storage="c:\users\aaronandjulie\documents\github\december\decemberdata.tests\bin\debug\decemberdata.tests.dll" id="900d5a70-a877-dc95-5996-4252431aa9c6">
      <Execution id="730bbc8d-6870-4e0f-8424-3e883270bddf" />
      <TestMethod codeBase="C:/Users/AaronAndJulie/Documents/GitHub/December/DecemberData.Tests/bin/Debug/DecemberData.Tests.DLL" adapterTypeName="Microsoft.VisualStudio.TestTools.TestTypes.Unit.UnitTestAdapter, Microsoft.VisualStudio.QualityTools.Tips.UnitTest.Adapter, Version=10.0.0.0, Culture=neutral, PublicKeyToken=b03f5f7f11d50a3a" className="DecemberData.Tests.QuoteListTest, DecemberData.Tests, Version=1.0.0.0, Culture=neutral, PublicKeyToken=null" name="GetQuotesByCategoryTest" />
    </UnitTest>
    <UnitTest name="GetQuotesBySearchTextTest" storage="c:\users\aaronandjulie\documents\github\december\decemberdata.tests\bin\debug\decemberdata.tests.dll" id="3a466bc0-e122-ae9f-1b06-6adbada29371">
      <Execution id="746a613f-4ba5-45fd-b290-c1cfdbd8df48" />
      <TestMethod codeBase="C:/Users/AaronAndJulie/Documents/GitHub/December/DecemberData.Tests/bin/Debug/DecemberData.Tests.DLL" adapterTypeName="Microsoft.VisualStudio.TestTools.TestTypes.Unit.UnitTestAdapter, Microsoft.VisualStudio.QualityTools.Tips.UnitTest.Adapter, Version=10.0.0.0, Culture=neutral, PublicKeyToken=b03f5f7f11d50a3a" className="DecemberData.Tests.QuoteListTest, DecemberData.Tests, Version=1.0.0.0, Culture=neutral, PublicKeyToken=null" name="GetQuotesBySearchTextTest" />
    </UnitTest>
    <UnitTest name="DeleteQuoteTest" storage="c:\users\aaronandjulie\documents\github\december\decemberdata.tests\bin\debug\decemberdata.tests.dll" id="cadcb77d-43f9-54f6-e0f1-2209a3d19ffd">
      <Execution id="2d7a956b-3dce-4c4e-a60a-aa08164d259a" />
      <TestMethod codeBase="C:/Users/AaronAndJulie/Documents/GitHub/December/DecemberData.Tests/bin/Debug/DecemberData.Tests.DLL" adapterTypeName="Microsoft.VisualStudio.TestTools.TestTypes.Unit.UnitTestAdapter, Microsoft.VisualStudio.QualityTools.Tips.UnitTest.Adapter, Version=10.0.0.0, Culture=neutral, PublicKeyToken=b03f5f7f11d50a3a" className="DecemberData.Tests.QuoteListTest, DecemberData.Tests, Version=1.0.0.0, Culture=neutral, PublicKeyToken=null" name="DeleteQuoteTest" />
    </UnitTest>
  </TestDefinitions>
  <TestLists>
    <TestList name="Results Not in a List" id="8c84fa94-04c1-424b-9868-57a2d4851a1d" />
    <TestList name="All Loaded Results" id="19431567-8539-422a-85d7-44ee4e166bda" />
  </TestLists>
  <TestEntries>
    <TestEntry testId="3153e146-fc75-3fa9-eb35-dff04ef13623" executionId="c4a25321-7129-4d61-ac6b-bf09513bb2c8" testListId="8c84fa94-04c1-424b-9868-57a2d4851a1d" />
    <TestEntry testId="cadcb77d-43f9-54f6-e0f1-2209a3d19ffd" executionId="2d7a956b-3dce-4c4e-a60a-aa08164d259a" testListId="8c84fa94-04c1-424b-9868-57a2d4851a1d" />
    <TestEntry testId="923cdc78-3345-b2e4-0678-09ae00f96b80" executionId="c7ff98e4-0bed-49ed-ac57-2dbed36ff42c" testListId="8c84fa94-04c1-424b-9868-57a2d4851a1d" />
    <TestEntry testId="900d5a70-a877-dc95-5996-4252431aa9c6" executionId="730bbc8d-6870-4e0f-8424-3e883270bddf" testListId="8c84fa94-04c1-424b-9868-57a2d4851a1d" />
    <TestEntry testId="3a466bc0-e122-ae9f-1b06-6adbada29371" executionId="746a613f-4ba5-45fd-b290-c1cfdbd8df48" testListId="8c84fa94-04c1-424b-9868-57a2d4851a1d" />
    <TestEntry testId="7436a684-ec57-23a0-c74b-9be5d7837c30" executionId="5959aa6f-c8a0-4db6-be2b-de8ba329bc17" testListId="8c84fa94-04c1-424b-9868-57a2d4851a1d" />
  </TestEntries>
  <Results>
    <UnitTestResult executionId="c4a25321-7129-4d61-ac6b-bf09513bb2c8" testId="3153e146-fc75-3fa9-eb35-dff04ef13623" testName="AddQuoteTest" computerName="AJMACHINE" duration="00:00:00.2073407" startTime="2012-05-25T14:02:21.7298026-04:00" endTime="2012-05-25T14:02:22.3398375-04:00" testType="13cdc9d9-ddb5-4fa4-a97d-d965ccfc6d4b" outcome="Failed" testListId="8c84fa94-04c1-424b-9868-57a2d4851a1d" relativeResultsDirectory="c4a25321-7129-4d61-ac6b-bf09513bb2c8">
      <Output>
        <StdOut>About to test adding a quote and saving to disk for ID: 741c2dd8-435e-4fe0-841e-d4d2f0ad8874
About to add the following test quote: 
ID: [eb225d63-379d-4680-810b-7f2246816076]
Text: [To be or not to be, that is the question.]
Author: [None]
Category: [Action]
Category: [Principle]
About to add the following test quote: 
ID: [84870db8-baf8-4511-96b6-f03222e492bc]
Text: [To be or not to be, that is the question.]
Author: [None]
Category: [Action]
Category: [Principle]</StdOut>
        <ErrorInfo>
          <Message>Test method DecemberData.Tests.QuoteListTest.AddQuoteTest threw exception: 
System.IO.DirectoryNotFoundException: Could not find a part of the path 'C:\Projects\December\DecemberWeb\Data\741c2dd8-435e-4fe0-841e-d4d2f0ad8874.xml'.</Message>
          <StackTrace>    at System.IO.__Error.WinIOError(Int32 errorCode, String maybeFullPath)
   at System.IO.FileStream.Init(String path, FileMode mode, FileAccess access, Int32 rights, Boolean useRights, FileShare share, Int32 bufferSize, FileOptions options, SECURITY_ATTRIBUTES secAttrs, String msgPath, Boolean bFromProxy, Boolean useLongPath)
   at System.IO.FileStream..ctor(String path, FileMode mode, FileAccess access, FileShare share)
   at System.Xml.XmlWriterSettings.CreateWriter(String outputFileName)
   at System.Xml.XmlWriter.Create(String outputFileName, XmlWriterSettings settings)
   at System.Xml.Linq.XDocument.Save(String fileName, SaveOptions options)
   at System.Xml.Linq.XDocument.Save(String fileName)
   at DecemberData.DataAccessLayer.QuoteListDAL.Save(QuoteList inQuoteList) in C:\Users\AaronAndJulie\Documents\GitHub\December\DecemberData\DataAccessLayer\QuoteListDAL.cs:line 45
   at DecemberData.BusinessObjects.QuoteList.Save() in C:\Users\AaronAndJulie\Documents\GitHub\December\DecemberData\BusinessObjects\QuoteList.cs:line 86
   at DecemberData.Tests.QuoteListTest.AddQuoteTest() in C:\Users\AaronAndJulie\Documents\GitHub\December\DecemberData.Tests\QuoteListTest.cs:line 94
</StackTrace>
        </ErrorInfo>
      </Output>
    </UnitTestResult>
    <UnitTestResult executionId="2d7a956b-3dce-4c4e-a60a-aa08164d259a" testId="cadcb77d-43f9-54f6-e0f1-2209a3d19ffd" testName="DeleteQuoteTest" computerName="AJMACHINE" duration="00:00:00.0026248" startTime="2012-05-25T14:02:22.3648389-04:00" endTime="2012-05-25T14:02:22.3698392-04:00" testType="13cdc9d9-ddb5-4fa4-a97d-d965ccfc6d4b" outcome="Failed" testListId="8c84fa94-04c1-424b-9868-57a2d4851a1d" relativeResultsDirectory="2d7a956b-3dce-4c4e-a60a-aa08164d259a">
      <Output>
        <StdOut>About to test adding a quote for ID: b03d18bb-2a0d-4b5c-b431-0af550302d1f
Adding GUID: eabcc436-578d-488c-8eb1-28852daaf0bf</StdOut>
        <ErrorInfo>
          <Message>Test method DecemberData.Tests.QuoteListTest.DeleteQuoteTest threw exception: 
System.IO.DirectoryNotFoundException: Could not find a part of the path 'C:\Projects\December\DecemberWeb\Data\b03d18bb-2a0d-4b5c-b431-0af550302d1f.xml'.</Message>
          <StackTrace>    at System.IO.__Error.WinIOError(Int32 errorCode, String maybeFullPath)
   at System.IO.FileStream.Init(String path, FileMode mode, FileAccess access, Int32 rights, Boolean useRights, FileShare share, Int32 bufferSize, FileOptions options, SECURITY_ATTRIBUTES secAttrs, String msgPath, Boolean bFromProxy, Boolean useLongPath)
   at System.IO.FileStream..ctor(String path, FileMode mode, FileAccess access, FileShare share)
   at System.Xml.XmlWriterSettings.CreateWriter(String outputFileName)
   at System.Xml.XmlWriter.Create(String outputFileName, XmlWriterSettings settings)
   at System.Xml.Linq.XDocument.Save(String fileName, SaveOptions options)
   at System.Xml.Linq.XDocument.Save(String fileName)
   at DecemberData.DataAccessLayer.QuoteListDAL.Save(QuoteList inQuoteList) in C:\Users\AaronAndJulie\Documents\GitHub\December\DecemberData\DataAccessLayer\QuoteListDAL.cs:line 45
   at DecemberData.BusinessObjects.QuoteList.Save() in C:\Users\AaronAndJulie\Documents\GitHub\December\DecemberData\BusinessObjects\QuoteList.cs:line 86
   at DecemberData.Tests.QuoteListTest.DeleteQuoteTest() in C:\Users\AaronAndJulie\Documents\GitHub\December\DecemberData.Tests\QuoteListTest.cs:line 124
</StackTrace>
        </ErrorInfo>
      </Output>
    </UnitTestResult>
    <UnitTestResult executionId="c7ff98e4-0bed-49ed-ac57-2dbed36ff42c" testId="923cdc78-3345-b2e4-0678-09ae00f96b80" testName="CategoriesTest" computerName="AJMACHINE" duration="00:00:00.0027950" startTime="2012-05-25T14:02:22.3728394-04:00" endTime="2012-05-25T14:02:22.3788397-04:00" testType="13cdc9d9-ddb5-4fa4-a97d-d965ccfc6d4b" outcome="Passed" testListId="8c84fa94-04c1-424b-9868-57a2d4851a1d" relativeResultsDirectory="c7ff98e4-0bed-49ed-ac57-2dbed36ff42c">
      <Output>
        <StdOut>Found 0 categories.</StdOut>
      </Output>
    </UnitTestResult>
    <UnitTestResult executionId="730bbc8d-6870-4e0f-8424-3e883270bddf" testId="900d5a70-a877-dc95-5996-4252431aa9c6" testName="GetQuotesByCategoryTest" computerName="AJMACHINE" duration="00:00:00.0011212" startTime="2012-05-25T14:02:22.3818399-04:00" endTime="2012-05-25T14:02:22.3868402-04:00" testType="13cdc9d9-ddb5-4fa4-a97d-d965ccfc6d4b" outcome="Passed" testListId="8c84fa94-04c1-424b-9868-57a2d4851a1d" relativeResultsDirectory="730bbc8d-6870-4e0f-8424-3e883270bddf">
      <Output>
        <StdOut>Found 0 quotes with category 'action'.</StdOut>
      </Output>
    </UnitTestResult>
    <UnitTestResult executionId="746a613f-4ba5-45fd-b290-c1cfdbd8df48" testId="3a466bc0-e122-ae9f-1b06-6adbada29371" testName="GetQuotesBySearchTextTest" computerName="AJMACHINE" duration="00:00:00.0011370" startTime="2012-05-25T14:02:22.3898404-04:00" endTime="2012-05-25T14:02:22.3948406-04:00" testType="13cdc9d9-ddb5-4fa4-a97d-d965ccfc6d4b" outcome="Passed" testListId="8c84fa94-04c1-424b-9868-57a2d4851a1d" relativeResultsDirectory="746a613f-4ba5-45fd-b290-c1cfdbd8df48">
      <Output>
        <StdOut>Found 0 quotes with searchText: 'rent'.</StdOut>
      </Output>
    </UnitTestResult>
    <UnitTestResult executionId="5959aa6f-c8a0-4db6-be2b-de8ba329bc17" testId="7436a684-ec57-23a0-c74b-9be5d7837c30" testName="GetRandomQuoteTest" computerName="AJMACHINE" duration="00:00:00.0034947" startTime="2012-05-25T14:02:22.3978408-04:00" endTime="2012-05-25T14:02:22.4058413-04:00" testType="13cdc9d9-ddb5-4fa4-a97d-d965ccfc6d4b" outcome="Failed" testListId="8c84fa94-04c1-424b-9868-57a2d4851a1d" relativeResultsDirectory="5959aa6f-c8a0-4db6-be2b-de8ba329bc17">
      <Output>
        <StdOut>Testing the GetRandomQuote() Operation.</StdOut>
        <ErrorInfo>
          <Message>Test method DecemberData.Tests.QuoteListTest.GetRandomQuoteTest threw exception: 
System.ArgumentOutOfRangeException: 'minValue' cannot be greater than maxValue.
Parameter name: minValue</Message>
          <StackTrace>    at System.Random.Next(Int32 minValue, Int32 maxValue)
   at DecemberData.BusinessObjects.QuoteList.GetRandomQuote() in C:\Users\AaronAndJulie\Documents\GitHub\December\DecemberData\BusinessObjects\QuoteList.cs:line 183
   at DecemberData.Tests.QuoteListTest.GetRandomQuoteTest() in C:\Users\AaronAndJulie\Documents\GitHub\December\DecemberData.Tests\QuoteListTest.cs:line 210
</StackTrace>
        </ErrorInfo>
      </Output>
    </UnitTestResult>
  </Results>
</TestRun>