<?xml version="1.0" encoding="UTF-8"?>
<TestRun id="658747a9-738a-4595-bc91-390c8e3bfd45" name="AaronAndJulie@AJMACHINE 2012-05-25 14:07:39" runUser="AJMachine\AaronAndJulie" xmlns="http://microsoft.com/schemas/VisualStudio/TeamTest/2010">
  <TestSettings name="Local Test Run" id="3c20a1c4-885b-410f-a1e8-d8afd010b8bd">
    <Description>This is a default test run configuration for a local test run.</Description>
    <Deployment userDeploymentRoot="C:\Users\AaronAndJulie\Documents\GitHub\December\TestResults" useDefaultDeploymentRoot="false" runDeploymentRoot="AaronAndJulie_AJMACHINE 2012-05-25 14_07_39">
      <DeploymentItem filename="C:\Users\AaronAndJulie\Documents\GitHub\December\DecemberData\bin\Debug\DecemberData.dll" />
    </Deployment>
    <Execution>
      <TestTypeSpecific />
      <AgentRule name="Execution Agents">
      </AgentRule>
    </Execution>
  </TestSettings>
  <Times creation="2012-05-25T14:07:39.5309798-04:00" queuing="2012-05-25T14:07:39.7389917-04:00" start="2012-05-25T14:07:39.7589928-04:00" finish="2012-05-25T14:07:40.1050126-04:00" />
  <ResultSummary outcome="Completed">
    <Counters total="3" executed="3" passed="3" error="0" failed="0" timeout="0" aborted="0" inconclusive="0" passedButRunAborted="0" notRunnable="0" notExecuted="0" disconnected="0" warning="0" completed="0" inProgress="0" pending="0" />
  </ResultSummary>
  <TestDefinitions>
    <UnitTest name="AddQuoteTest" storage="c:\users\aaronandjulie\documents\github\december\decemberdata.tests\bin\debug\decemberdata.tests.dll" id="3153e146-fc75-3fa9-eb35-dff04ef13623">
      <Execution id="f93f612e-57f2-4db5-abf1-7c65ae735607" />
      <TestMethod codeBase="C:/Users/AaronAndJulie/Documents/GitHub/December/DecemberData.Tests/bin/Debug/DecemberData.Tests.DLL" adapterTypeName="Microsoft.VisualStudio.TestTools.TestTypes.Unit.UnitTestAdapter, Microsoft.VisualStudio.QualityTools.Tips.UnitTest.Adapter, Version=10.0.0.0, Culture=neutral, PublicKeyToken=b03f5f7f11d50a3a" className="DecemberData.Tests.QuoteListTest, DecemberData.Tests, Version=1.0.0.0, Culture=neutral, PublicKeyToken=null" name="AddQuoteTest" />
    </UnitTest>
    <UnitTest name="DeleteQuoteTest" storage="c:\users\aaronandjulie\documents\github\december\decemberdata.tests\bin\debug\decemberdata.tests.dll" id="cadcb77d-43f9-54f6-e0f1-2209a3d19ffd">
      <Execution id="05ad15b6-531e-4e7a-a80c-fb49fd4cb494" />
      <TestMethod codeBase="C:/Users/AaronAndJulie/Documents/GitHub/December/DecemberData.Tests/bin/Debug/DecemberData.Tests.DLL" adapterTypeName="Microsoft.VisualStudio.TestTools.TestTypes.Unit.UnitTestAdapter, Microsoft.VisualStudio.QualityTools.Tips.UnitTest.Adapter, Version=10.0.0.0, Culture=neutral, PublicKeyToken=b03f5f7f11d50a3a" className="DecemberData.Tests.QuoteListTest, DecemberData.Tests, Version=1.0.0.0, Culture=neutral, PublicKeyToken=null" name="DeleteQuoteTest" />
    </UnitTest>
    <UnitTest name="GetRandomQuoteTest" storage="c:\users\aaronandjulie\documents\github\december\decemberdata.tests\bin\debug\decemberdata.tests.dll" id="7436a684-ec57-23a0-c74b-9be5d7837c30">
      <Execution id="374de685-7e89-42dd-8d8b-f22c874a3c4f" />
      <TestMethod codeBase="C:/Users/AaronAndJulie/Documents/GitHub/December/DecemberData.Tests/bin/Debug/DecemberData.Tests.DLL" adapterTypeName="Microsoft.VisualStudio.TestTools.TestTypes.Unit.UnitTestAdapter, Microsoft.VisualStudio.QualityTools.Tips.UnitTest.Adapter, Version=10.0.0.0, Culture=neutral, PublicKeyToken=b03f5f7f11d50a3a" className="DecemberData.Tests.QuoteListTest, DecemberData.Tests, Version=1.0.0.0, Culture=neutral, PublicKeyToken=null" name="GetRandomQuoteTest" />
    </UnitTest>
  </TestDefinitions>
  <TestLists>
    <TestList name="Results Not in a List" id="8c84fa94-04c1-424b-9868-57a2d4851a1d" />
    <TestList name="All Loaded Results" id="19431567-8539-422a-85d7-44ee4e166bda" />
  </TestLists>
  <TestEntries>
    <TestEntry testId="7436a684-ec57-23a0-c74b-9be5d7837c30" executionId="374de685-7e89-42dd-8d8b-f22c874a3c4f" testListId="8c84fa94-04c1-424b-9868-57a2d4851a1d" />
    <TestEntry testId="3153e146-fc75-3fa9-eb35-dff04ef13623" executionId="f93f612e-57f2-4db5-abf1-7c65ae735607" testListId="8c84fa94-04c1-424b-9868-57a2d4851a1d" />
    <TestEntry testId="cadcb77d-43f9-54f6-e0f1-2209a3d19ffd" executionId="05ad15b6-531e-4e7a-a80c-fb49fd4cb494" testListId="8c84fa94-04c1-424b-9868-57a2d4851a1d" />
  </TestEntries>
  <Results>
    <UnitTestResult executionId="374de685-7e89-42dd-8d8b-f22c874a3c4f" testId="7436a684-ec57-23a0-c74b-9be5d7837c30" testName="GetRandomQuoteTest" computerName="AJMACHINE" duration="00:00:00.0461370" startTime="2012-05-25T14:07:39.7629931-04:00" endTime="2012-05-25T14:07:40.0590100-04:00" testType="13cdc9d9-ddb5-4fa4-a97d-d965ccfc6d4b" outcome="Passed" testListId="8c84fa94-04c1-424b-9868-57a2d4851a1d" relativeResultsDirectory="374de685-7e89-42dd-8d8b-f22c874a3c4f">
      <Output>
        <StdOut>Testing the GetRandomQuote() Operation.

GetRandomQuote returned: 
ID: [458124f4-cb7d-47db-b32c-90e058465cd0]
Text: [When you were born, you cried and the world rejoiced. Live your life in such a manner that when you die the world cries and you rejoice.]
Author: [Old Native American saying]
Category: [Contribution]

GetRandomQuote returned: 
ID: [458124f4-cb7d-47db-b32c-90e058465cd0]
Text: [When you were born, you cried and the world rejoiced. Live your life in such a manner that when you die the world cries and you rejoice.]
Author: [Old Native American saying]
Category: [Contribution]

GetRandomQuote returned: 
ID: [458124f4-cb7d-47db-b32c-90e058465cd0]
Text: [When you were born, you cried and the world rejoiced. Live your life in such a manner that when you die the world cries and you rejoice.]
Author: [Old Native American saying]
Category: [Contribution]

GetRandomQuote returned: 
ID: [458124f4-cb7d-47db-b32c-90e058465cd0]
Text: [When you were born, you cried and the world rejoiced. Live your life in such a manner that when you die the world cries and you rejoice.]
Author: [Old Native American saying]
Category: [Contribution]

GetRandomQuote returned: 
ID: [458124f4-cb7d-47db-b32c-90e058465cd0]
Text: [When you were born, you cried and the world rejoiced. Live your life in such a manner that when you die the world cries and you rejoice.]
Author: [Old Native American saying]
Category: [Contribution]</StdOut>
      </Output>
    </UnitTestResult>
    <UnitTestResult executionId="f93f612e-57f2-4db5-abf1-7c65ae735607" testId="3153e146-fc75-3fa9-eb35-dff04ef13623" testName="AddQuoteTest" computerName="AJMACHINE" duration="00:00:00.0057641" startTime="2012-05-25T14:07:40.0620102-04:00" endTime="2012-05-25T14:07:40.0730108-04:00" testType="13cdc9d9-ddb5-4fa4-a97d-d965ccfc6d4b" outcome="Passed" testListId="8c84fa94-04c1-424b-9868-57a2d4851a1d" relativeResultsDirectory="f93f612e-57f2-4db5-abf1-7c65ae735607">
      <Output>
        <StdOut>About to test adding a quote and saving to disk for ID: c5514dbe-5e33-47c4-a18b-23f8c148dd9b
About to add the following test quote: 
ID: [b6479b43-f920-43e9-8121-91d85e9bf3a3]
Text: [To be or not to be, that is the question.]
Author: [None]
Category: [Action]
Category: [Principle]
About to add the following test quote: 
ID: [d70ee762-8078-4cd1-816c-c620150e7d97]
Text: [To be or not to be, that is the question.]
Author: [None]
Category: [Action]
Category: [Principle]
Test was successful.</StdOut>
      </Output>
    </UnitTestResult>
    <UnitTestResult executionId="05ad15b6-531e-4e7a-a80c-fb49fd4cb494" testId="cadcb77d-43f9-54f6-e0f1-2209a3d19ffd" testName="DeleteQuoteTest" computerName="AJMACHINE" duration="00:00:00.0069725" startTime="2012-05-25T14:07:40.0760110-04:00" endTime="2012-05-25T14:07:40.0860115-04:00" testType="13cdc9d9-ddb5-4fa4-a97d-d965ccfc6d4b" outcome="Passed" testListId="8c84fa94-04c1-424b-9868-57a2d4851a1d" relativeResultsDirectory="05ad15b6-531e-4e7a-a80c-fb49fd4cb494">
      <Output>
        <StdOut>About to test adding a quote for ID: b5894474-c674-4e41-aae9-280f99b34982
Adding GUID: d3fb372a-a6e0-4965-aff5-366bc782bb05
Verifying all quotes exist.
About to delete the quote: d3fb372a-a6e0-4965-aff5-366bc782bb05
Test was successful.</StdOut>
      </Output>
    </UnitTestResult>
  </Results>
</TestRun>