<?xml version="1.0" encoding="UTF-8"?>
<TestRun id="47c8a16b-102f-4b05-b253-1e99d796077b" name="AaronAndJulie@AJMACHINE 2012-05-25 14:07:57" runUser="AJMachine\AaronAndJulie" xmlns="http://microsoft.com/schemas/VisualStudio/TeamTest/2010">
  <TestSettings name="Local Test Run" id="3c20a1c4-885b-410f-a1e8-d8afd010b8bd">
    <Description>This is a default test run configuration for a local test run.</Description>
    <Deployment runDeploymentRoot="AaronAndJulie_AJMACHINE 2012-05-25 14_07_57">
      <DeploymentItem filename="C:\Users\AaronAndJulie\Documents\GitHub\December\DecemberData\bin\Debug\DecemberData.dll" />
    </Deployment>
    <Execution>
      <TestTypeSpecific />
      <AgentRule name="Execution Agents">
      </AgentRule>
    </Execution>
  </TestSettings>
  <Times creation="2012-05-25T14:07:57.6790178-04:00" queuing="2012-05-25T14:07:57.8990304-04:00" start="2012-05-25T14:07:57.9180315-04:00" finish="2012-05-25T14:07:58.6150713-04:00" />
  <ResultSummary outcome="Completed">
    <Counters total="6" executed="6" passed="6" error="0" failed="0" timeout="0" aborted="0" inconclusive="0" passedButRunAborted="0" notRunnable="0" notExecuted="0" disconnected="0" warning="0" completed="0" inProgress="0" pending="0" />
  </ResultSummary>
  <TestDefinitions>
    <UnitTest name="GetRandomQuoteTest" storage="c:\users\aaronandjulie\documents\github\december\decemberdata.tests\bin\debug\decemberdata.tests.dll" id="7436a684-ec57-23a0-c74b-9be5d7837c30">
      <Execution id="1de1dc3b-56b4-40eb-9492-720e7e68931a" />
      <TestMethod codeBase="C:/Users/AaronAndJulie/Documents/GitHub/December/DecemberData.Tests/bin/Debug/DecemberData.Tests.DLL" adapterTypeName="Microsoft.VisualStudio.TestTools.TestTypes.Unit.UnitTestAdapter, Microsoft.VisualStudio.QualityTools.Tips.UnitTest.Adapter, Version=10.0.0.0, Culture=neutral, PublicKeyToken=b03f5f7f11d50a3a" className="DecemberData.Tests.QuoteListTest, DecemberData.Tests, Version=1.0.0.0, Culture=neutral, PublicKeyToken=null" name="GetRandomQuoteTest" />
    </UnitTest>
    <UnitTest name="CategoriesTest" storage="c:\users\aaronandjulie\documents\github\december\decemberdata.tests\bin\debug\decemberdata.tests.dll" id="923cdc78-3345-b2e4-0678-09ae00f96b80">
      <Execution id="60895c1d-4bf6-4cba-b632-7648682f1be6" />
      <TestMethod codeBase="C:/Users/AaronAndJulie/Documents/GitHub/December/DecemberData.Tests/bin/Debug/DecemberData.Tests.DLL" adapterTypeName="Microsoft.VisualStudio.TestTools.TestTypes.Unit.UnitTestAdapter, Microsoft.VisualStudio.QualityTools.Tips.UnitTest.Adapter, Version=10.0.0.0, Culture=neutral, PublicKeyToken=b03f5f7f11d50a3a" className="DecemberData.Tests.QuoteListTest, DecemberData.Tests, Version=1.0.0.0, Culture=neutral, PublicKeyToken=null" name="CategoriesTest" />
    </UnitTest>
    <UnitTest name="AddQuoteTest" storage="c:\users\aaronandjulie\documents\github\december\decemberdata.tests\bin\debug\decemberdata.tests.dll" id="3153e146-fc75-3fa9-eb35-dff04ef13623">
      <Execution id="04c94ad7-fbac-48fe-a8dc-a5348ec54eca" />
      <TestMethod codeBase="C:/Users/AaronAndJulie/Documents/GitHub/December/DecemberData.Tests/bin/Debug/DecemberData.Tests.DLL" adapterTypeName="Microsoft.VisualStudio.TestTools.TestTypes.Unit.UnitTestAdapter, Microsoft.VisualStudio.QualityTools.Tips.UnitTest.Adapter, Version=10.0.0.0, Culture=neutral, PublicKeyToken=b03f5f7f11d50a3a" className="DecemberData.Tests.QuoteListTest, DecemberData.Tests, Version=1.0.0.0, Culture=neutral, PublicKeyToken=null" name="AddQuoteTest" />
    </UnitTest>
    <UnitTest name="GetQuotesByCategoryTest" storage="c:\users\aaronandjulie\documents\github\december\decemberdata.tests\bin\debug\decemberdata.tests.dll" id="900d5a70-a877-dc95-5996-4252431aa9c6">
      <Execution id="7e0ec53e-3787-4d02-a1c9-c3a8654f738f" />
      <TestMethod codeBase="C:/Users/AaronAndJulie/Documents/GitHub/December/DecemberData.Tests/bin/Debug/DecemberData.Tests.DLL" adapterTypeName="Microsoft.VisualStudio.TestTools.TestTypes.Unit.UnitTestAdapter, Microsoft.VisualStudio.QualityTools.Tips.UnitTest.Adapter, Version=10.0.0.0, Culture=neutral, PublicKeyToken=b03f5f7f11d50a3a" className="DecemberData.Tests.QuoteListTest, DecemberData.Tests, Version=1.0.0.0, Culture=neutral, PublicKeyToken=null" name="GetQuotesByCategoryTest" />
    </UnitTest>
    <UnitTest name="GetQuotesBySearchTextTest" storage="c:\users\aaronandjulie\documents\github\december\decemberdata.tests\bin\debug\decemberdata.tests.dll" id="3a466bc0-e122-ae9f-1b06-6adbada29371">
      <Execution id="c186764d-3e7b-4195-9712-74085b85d34d" />
      <TestMethod codeBase="C:/Users/AaronAndJulie/Documents/GitHub/December/DecemberData.Tests/bin/Debug/DecemberData.Tests.DLL" adapterTypeName="Microsoft.VisualStudio.TestTools.TestTypes.Unit.UnitTestAdapter, Microsoft.VisualStudio.QualityTools.Tips.UnitTest.Adapter, Version=10.0.0.0, Culture=neutral, PublicKeyToken=b03f5f7f11d50a3a" className="DecemberData.Tests.QuoteListTest, DecemberData.Tests, Version=1.0.0.0, Culture=neutral, PublicKeyToken=null" name="GetQuotesBySearchTextTest" />
    </UnitTest>
    <UnitTest name="DeleteQuoteTest" storage="c:\users\aaronandjulie\documents\github\december\decemberdata.tests\bin\debug\decemberdata.tests.dll" id="cadcb77d-43f9-54f6-e0f1-2209a3d19ffd">
      <Execution id="3343640f-219a-4cf4-b5de-2466e4dbc5f7" />
      <TestMethod codeBase="C:/Users/AaronAndJulie/Documents/GitHub/December/DecemberData.Tests/bin/Debug/DecemberData.Tests.DLL" adapterTypeName="Microsoft.VisualStudio.TestTools.TestTypes.Unit.UnitTestAdapter, Microsoft.VisualStudio.QualityTools.Tips.UnitTest.Adapter, Version=10.0.0.0, Culture=neutral, PublicKeyToken=b03f5f7f11d50a3a" className="DecemberData.Tests.QuoteListTest, DecemberData.Tests, Version=1.0.0.0, Culture=neutral, PublicKeyToken=null" name="DeleteQuoteTest" />
    </UnitTest>
  </TestDefinitions>
  <TestLists>
    <TestList name="Results Not in a List" id="8c84fa94-04c1-424b-9868-57a2d4851a1d" />
    <TestList name="All Loaded Results" id="19431567-8539-422a-85d7-44ee4e166bda" />
  </TestLists>
  <TestEntries>
    <TestEntry testId="3153e146-fc75-3fa9-eb35-dff04ef13623" executionId="04c94ad7-fbac-48fe-a8dc-a5348ec54eca" testListId="8c84fa94-04c1-424b-9868-57a2d4851a1d" />
    <TestEntry testId="cadcb77d-43f9-54f6-e0f1-2209a3d19ffd" executionId="3343640f-219a-4cf4-b5de-2466e4dbc5f7" testListId="8c84fa94-04c1-424b-9868-57a2d4851a1d" />
    <TestEntry testId="923cdc78-3345-b2e4-0678-09ae00f96b80" executionId="60895c1d-4bf6-4cba-b632-7648682f1be6" testListId="8c84fa94-04c1-424b-9868-57a2d4851a1d" />
    <TestEntry testId="900d5a70-a877-dc95-5996-4252431aa9c6" executionId="7e0ec53e-3787-4d02-a1c9-c3a8654f738f" testListId="8c84fa94-04c1-424b-9868-57a2d4851a1d" />
    <TestEntry testId="3a466bc0-e122-ae9f-1b06-6adbada29371" executionId="c186764d-3e7b-4195-9712-74085b85d34d" testListId="8c84fa94-04c1-424b-9868-57a2d4851a1d" />
    <TestEntry testId="7436a684-ec57-23a0-c74b-9be5d7837c30" executionId="1de1dc3b-56b4-40eb-9492-720e7e68931a" testListId="8c84fa94-04c1-424b-9868-57a2d4851a1d" />
  </TestEntries>
  <Results>
    <UnitTestResult executionId="04c94ad7-fbac-48fe-a8dc-a5348ec54eca" testId="3153e146-fc75-3fa9-eb35-dff04ef13623" testName="AddQuoteTest" computerName="AJMACHINE" duration="00:00:00.0417031" startTime="2012-05-25T14:07:57.9220317-04:00" endTime="2012-05-25T14:07:58.2500505-04:00" testType="13cdc9d9-ddb5-4fa4-a97d-d965ccfc6d4b" outcome="Passed" testListId="8c84fa94-04c1-424b-9868-57a2d4851a1d" relativeResultsDirectory="04c94ad7-fbac-48fe-a8dc-a5348ec54eca">
      <Output>
        <StdOut>About to test adding a quote and saving to disk for ID: db02baec-a77d-4d4d-8772-1ffda07c490b
About to add the following test quote: 
ID: [97a98e5b-85b9-4061-84c7-bd44896ff42b]
Text: [To be or not to be, that is the question.]
Author: [None]
Category: [Action]
Category: [Principle]
About to add the following test quote: 
ID: [3e8b1840-1410-4830-9a43-b508f73497ef]
Text: [To be or not to be, that is the question.]
Author: [None]
Category: [Action]
Category: [Principle]
Test was successful.</StdOut>
      </Output>
    </UnitTestResult>
    <UnitTestResult executionId="3343640f-219a-4cf4-b5de-2466e4dbc5f7" testId="cadcb77d-43f9-54f6-e0f1-2209a3d19ffd" testName="DeleteQuoteTest" computerName="AJMACHINE" duration="00:00:00.0100401" startTime="2012-05-25T14:07:58.2560508-04:00" endTime="2012-05-25T14:07:58.2720517-04:00" testType="13cdc9d9-ddb5-4fa4-a97d-d965ccfc6d4b" outcome="Passed" testListId="8c84fa94-04c1-424b-9868-57a2d4851a1d" relativeResultsDirectory="3343640f-219a-4cf4-b5de-2466e4dbc5f7">
      <Output>
        <StdOut>About to test adding a quote for ID: 04ca893e-cdb5-4a88-b60a-bc7c82a5188d
Adding GUID: 076721a6-a6c5-4a0f-aa4b-fbea4846fff3
Verifying all quotes exist.
About to delete the quote: 076721a6-a6c5-4a0f-aa4b-fbea4846fff3
Test was successful.</StdOut>
      </Output>
    </UnitTestResult>
    <UnitTestResult executionId="60895c1d-4bf6-4cba-b632-7648682f1be6" testId="923cdc78-3345-b2e4-0678-09ae00f96b80" testName="CategoriesTest" computerName="AJMACHINE" duration="00:00:00.0091058" startTime="2012-05-25T14:07:58.2750519-04:00" endTime="2012-05-25T14:07:58.2890527-04:00" testType="13cdc9d9-ddb5-4fa4-a97d-d965ccfc6d4b" outcome="Passed" testListId="8c84fa94-04c1-424b-9868-57a2d4851a1d" relativeResultsDirectory="60895c1d-4bf6-4cba-b632-7648682f1be6">
      <Output>
        <StdOut>Found 99 categories.
Abstraction Action Anger Appreciation Assumption Awareness Balance Blame Boldness Bravery Challenge Change Character Choice Complaint Connection Contribution Courage Crisis Criticism Death Difference Direction Discipline Diversity Education Empathy Estimation Excellence Excess Existence Expectation Experience Fairness Faith Fear Focus Forgiveness Giving Growth Happiness History Hope Humility Humor Ignorance Imperfection Influence Inner Strength Innovation Integration Integrity Interdependence Joy Leadership Life Listening Love Materialism Money Nature Nonviolence Open-mindedness Optimism Paradigm Passion Persistence Pessimism Progress Purpose Quick-Fix Reflection Relationships Release Resignation Respect Responsibility Risk Routine Seasons Self-Awareness Self-Control Self-Respect Service Sharing Silence Simplicity Space Subconscious Success Teamwork Time Transience Travel Trust Vision Wisdom Work Worry</StdOut>
      </Output>
    </UnitTestResult>
    <UnitTestResult executionId="7e0ec53e-3787-4d02-a1c9-c3a8654f738f" testId="900d5a70-a877-dc95-5996-4252431aa9c6" testName="GetQuotesByCategoryTest" computerName="AJMACHINE" duration="00:00:00.0052880" startTime="2012-05-25T14:07:58.2930529-04:00" endTime="2012-05-25T14:07:58.3020534-04:00" testType="13cdc9d9-ddb5-4fa4-a97d-d965ccfc6d4b" outcome="Passed" testListId="8c84fa94-04c1-424b-9868-57a2d4851a1d" relativeResultsDirectory="7e0ec53e-3787-4d02-a1c9-c3a8654f738f">
      <Output>
        <StdOut>Found 15 quotes with category 'action'.

ID: [e25b1bda-a62b-4076-8b70-cd24017824f2]
Text: [Enlightened trial and error outperforms the planning of flawless intellects.]
Author: [David Kelly]
Category: [Action]

ID: [eb91d6d0-157a-497f-94dc-4548bae02755]
Text: [Some people say a decision has to marinate before you can make it. Sometimes that's true. But you'll never have all the information you need to make a decision. If you did, it would be a foregone conclusion.]
Author: [David Mahoney]
Category: [Action]

ID: [0b676d2c-0625-41ad-a575-1a6aeea5e152]
Text: [What you can do, or dream you can, begin it:  Boldness has genius, power and magic in it ]
Author: [Johann Wolfgang von Goethe]
Category: [Action]

ID: [9a9b0c13-d2a8-49f4-ac2e-9c6608367366]
Text: [Life engenders life. Energy creates energy. It is by spending oneself that one becomes rich.]
Author: [Sarah Bernhardt]
Category: [Service]
Category: [Action]

ID: [17aa72d9-e512-4caf-832e-31d06ba67c8f]
Text: [If you wait until you can do everything for everybody, instead of something for somebody, you'll end up not doing anything for anybody.]
Author: [Malcolm Bane]
Category: [Action]
Category: [Imperfection]

ID: [ca822898-7914-4f5b-b07d-69076b443fe6]
Text: [While we are free to choose our actions, we are not free to choose the consequences of our actions.]
Author: [Stephen R Covey]
Category: [Action]

ID: [37230dfc-2eb0-440b-b8c8-0eeae5bc207b]
Text: [You miss 100% of the shots you never take.]
Author: [Wayne Gretzky]
Category: [Action]

ID: [5ef47790-8e13-4205-af4c-688829ee2142]
Text: [Look to this day, For yesterday is but a dream. And tomorrow is only a vision. But today, well lived, makes every yesterday a dream of happiness. And every tomorrow a vision of hope. Look well, therefore, to this day.]
Author: [Sanskrit Proverb]
Category: [Action]

ID: [04b32a49-a3f6-43a6-8d9a-a1e581a0e65d]
Text: [We are always getting ready to live, but never living.]
Author: [Ralph Waldo Emerson]
Category: [Action]

ID: [057916d7-3f40-4b6e-a60c-db7ec45e2c38]
Text: [The secret of getting ahead is getting started. The secret of getting started is breaking your complex overwhelming tasks into small manageable tasks, and then starting on the first one.]
Author: [Mark Twain]
Category: [Action]

ID: [ac0681da-e4b3-4cfa-90dc-d5ea10c9f5e0]
Text: [A good plan today is better than a perfect plan tomorrow.]
Author: [George S Patton]
Category: [Action]

ID: [9de4186f-64ae-459e-bb7b-de4f58595334]
Text: [Small deeds done are better than great deeds planned.]
Author: [Peter Marshall]
Category: [Action]

ID: [5527fab4-b256-47fd-97a6-4ff5489d53e8]
Text: [If you take care of the small things, the big things take care of themselves. You gain more control over your life by paying closer attention to the little things.]
Author: [Emily Dickinson]
Category: [Action]

ID: [c617f565-423b-487f-a5d3-9fd877e0e569]
Text: [Do or do not. There is no try.]
Author: [Yoda]
Category: [Action]

ID: [2f2214af-a440-4bb7-bddd-18a6d7b0fe17]
Text: [The only thing necessary for evil to triumph is for good men to do nothing.]
Author: [Edmund Burke]
Category: [Action]</StdOut>
      </Output>
    </UnitTestResult>
    <UnitTestResult executionId="c186764d-3e7b-4195-9712-74085b85d34d" testId="3a466bc0-e122-ae9f-1b06-6adbada29371" testName="GetQuotesBySearchTextTest" computerName="AJMACHINE" duration="00:00:00.0208360" startTime="2012-05-25T14:07:58.3040536-04:00" endTime="2012-05-25T14:07:58.3300550-04:00" testType="13cdc9d9-ddb5-4fa4-a97d-d965ccfc6d4b" outcome="Passed" testListId="8c84fa94-04c1-424b-9868-57a2d4851a1d" relativeResultsDirectory="c186764d-3e7b-4195-9712-74085b85d34d">
      <Output>
        <StdOut>Found 8 quotes with searchText: 'rent'.

ID: [d546dce7-49d5-4443-9173-23dd2d409e95]
Text: [Don't expect different results from the same behavior.]
Author: [None]
Category: [Change]

ID: [81034cd3-37e2-4324-9838-f210a577526d]
Text: [Time is but a stream I go a-fishing in.  I drink at it;  but while I drink, I see the sandy bottom and detect how shallow it is.  Its thin current slides away, but eternity remains.]
Author: [Henry David Thoreau]
Category: [Time]

ID: [8d2391c3-0502-4e92-ad4e-bb9bb4811390]
Text: [At the end of your life, you will never regret not having passed one more test, not winning one more verdict or not closing one more deal. You will regret time not spent with a husband, a friend, a child or a parent. ]
Author: [Barbara Bush]
Category: [Balance]

ID: [9d33b089-66e0-4fd3-b697-c7caeb1b3b5f]
Text: [We didn't inherit the Earth from our parents. We're borrowing it from our children.]
Author: [Chief Seattle]
Category: [Nature]

ID: [ac2921ab-1ad0-46cd-bdf1-1779cb812c90]
Text: [A talent is formed in stillness, a character in the world’s torrent.]
Author: [Johann Wolfgang von Goethe]
Category: [Challenge]

ID: [63deca34-16e1-4edb-871c-42ee0fe5105c]
Text: [Children pay little attention to their parents teachings, but reproduce their characters faithfully.]
Author: [Mason Cooley]
Category: [Character]

ID: [79d517b1-a7c4-495a-a337-98548d14b4d2]
Text: [Six blind men feel different parts of an elephant and come to six very different opinions of what it is.]
Author: [Hindu Fable]
Category: [Paradigm]

ID: [00811e3d-3b6e-497f-a498-f7c81b931ffb]
Text: [Keep in mind that you are always saying no to something. If it isn't to the apparent, urgent things in your life, it is probably to the more fundamental, highly important things. Even when the urgent is good, the good can keep you from your best; keep you]
Author: [Stephen R. Covey]
Category: [Choice]</StdOut>
      </Output>
    </UnitTestResult>
    <UnitTestResult executionId="1de1dc3b-56b4-40eb-9492-720e7e68931a" testId="7436a684-ec57-23a0-c74b-9be5d7837c30" testName="GetRandomQuoteTest" computerName="AJMACHINE" duration="00:00:00.0078646" startTime="2012-05-25T14:07:58.3330552-04:00" endTime="2012-05-25T14:07:58.3440558-04:00" testType="13cdc9d9-ddb5-4fa4-a97d-d965ccfc6d4b" outcome="Passed" testListId="8c84fa94-04c1-424b-9868-57a2d4851a1d" relativeResultsDirectory="1de1dc3b-56b4-40eb-9492-720e7e68931a">
      <Output>
        <StdOut>Testing the GetRandomQuote() Operation.

GetRandomQuote returned: 
ID: [9d33b089-66e0-4fd3-b697-c7caeb1b3b5f]
Text: [We didn't inherit the Earth from our parents. We're borrowing it from our children.]
Author: [Chief Seattle]
Category: [Nature]

GetRandomQuote returned: 
ID: [9d33b089-66e0-4fd3-b697-c7caeb1b3b5f]
Text: [We didn't inherit the Earth from our parents. We're borrowing it from our children.]
Author: [Chief Seattle]
Category: [Nature]

GetRandomQuote returned: 
ID: [9d33b089-66e0-4fd3-b697-c7caeb1b3b5f]
Text: [We didn't inherit the Earth from our parents. We're borrowing it from our children.]
Author: [Chief Seattle]
Category: [Nature]

GetRandomQuote returned: 
ID: [9d33b089-66e0-4fd3-b697-c7caeb1b3b5f]
Text: [We didn't inherit the Earth from our parents. We're borrowing it from our children.]
Author: [Chief Seattle]
Category: [Nature]

GetRandomQuote returned: 
ID: [9d33b089-66e0-4fd3-b697-c7caeb1b3b5f]
Text: [We didn't inherit the Earth from our parents. We're borrowing it from our children.]
Author: [Chief Seattle]
Category: [Nature]</StdOut>
      </Output>
    </UnitTestResult>
  </Results>
</TestRun>